-------------------------------------------------------------------------------------------------------------------------------------------------
      name:  <unnamed>
       log:  C:\\Users\\hermesf\\Projects\\HF_Strategies\\key dataframe\\dealer_fragility_qe_country.log
  log type:  text
 opened on:  28 Sep 2026, 15:01:32

. 
. **# Quarter-end window dressing, can funds diversify the dealer shock away
. * the fund level test of dealer_fragility_qe.do on all funds pooled over the
. * four collateral countries, exposure is the reference gross share weighted
. * contraction of the fund's dealers and it is interacted with the fund's
. * number of dealers in the reference window minus one, so the coefficient on
. * exposure is the pass-through of a single dealer fund, which has no dealer to
. * substitute with, and the interaction is the change per additional dealer,
. * diversification predicts a positive interaction, two outcomes, net is the
. * absolute net position the fund finances, gross is the repo volume between
. * fund and dealers, the financing, which is the mirror of the treatment and
. * less noisy than net, the last block decomposes the dose model by collateral
. * country in growth rates with a common denominator, where the country slopes
. * add up to the pooled ones, the treatment is the dealer's quarter-end
. * contraction of its non hedge fund repo book as in dealer_fragility_qe.do
. 
. local K = 3 /*event window, the last K business days of the quarter*/

. local R0 = 5 /*reference window, business days R0 to R1 before the quarter's last day*/

. local R1 = 19

. local countries "DE FR IT ES" /*the four sovereigns, the pooled position is their sum*/

. local panels 1 "DE" 2 "FR" 3 "IT" 4 "ES" 5 "Pooled"

. 
. **# Step 0: the hedge fund panel, fund x dealer x country x day, cleaned as in DT.do
. 
. import delimited "$key\\fund_dealer_country_day.csv", varnames(1) clear
(encoding automatically selected: UTF-8)
(7 vars, 936,822 obs)

. capture drop v1

. keep if inlist(country, "DE", "FR", "IT", "ES")
(0 observations deleted)

. gen date = date(business_date, "YMD")

. format date %td

. foreach v in borrowing_volume lending_volume {
  2.         replace `v' = 0 if missing(`v')
  3. }
(267,398 real changes made)
(181,497 real changes made)

. * two funds report borrowing and lending the wrong way round at the beginning
. * of the sample, flip the two sides for them before 24 April 2021 as in DT.do
. gen flip = inlist(fund_id, "P5XEQYFJP74DYQX88M80", "O1XNTICYRCAHEAMEQI31") & date < td(24apr2021)

. gen tmp = borrowing_volume

. replace borrowing_volume = lending_volume if flip
(1,341 real changes made)

. replace lending_volume = tmp if flip
(1,341 real changes made)

. drop tmp flip

. tempfile panel

. save `panel'
file C:\Users\hermesf\AppData\Local\Temp\ST_5ac8_000001.tmp saved as .dta format

. 
. **# Step 1: windows, from the business days in the panel
. 
. use `panel', clear

. preserve

.         keep dealer_id /*the dealers that finance hedge funds, the population of the treatment*/

.         duplicates drop

Duplicates in terms of all variables

(936,784 observations deleted)

.         tempfile hf_dealers

.         save `hf_dealers'
file C:\Users\hermesf\AppData\Local\Temp\ST_5ac8_000003.tmp saved as .dta format

. restore

. keep date

. duplicates drop

Duplicates in terms of all variables

(935,607 observations deleted)

. gen quarter = qofd(date)

. format quarter %tq

. sort quarter date

. by quarter: gen n_from_end = _N - _n

. by quarter: gen n_days = _N

. keep if n_days >= 40 /*complete quarters only*/
(1 observation deleted)

. gen window = .
(1,214 missing values generated)

. replace window = 1 if n_from_end < `K'
(57 real changes made)

. replace window = 0 if inrange(n_from_end, `R0', `R1')
(285 real changes made)

. drop if missing(window)
(872 observations deleted)

. keep date quarter window

. tempfile windows

. save `windows'
file C:\Users\hermesf\AppData\Local\Temp\ST_5ac8_000004.tmp saved as .dta format

. 
. **# Step 2: dealer treatment, contraction of the non hedge fund repo book
. * dress = log of the daily book in the reference window minus log of the daily
. * book in the event window, positive means the dealer shrinks at quarter-end,
. * all collateral, the leverage ratio is collateral blind
. 
. import delimited "$key\\dealer_book_day.csv", varnames(1) clear
(encoding automatically selected: UTF-8)
(5 vars, 602,669 obs)

. capture drop v1

. gen date = date(business_date, "YMD")

. merge m:1 dealer_id using `hf_dealers', keep(match) nogen /*only dealers that face hedge funds*/

    Result                      Number of obs
    -----------------------------------------
    Not matched                             0
    Matched                            45,170  
    -----------------------------------------

. merge m:1 date using `windows', keep(match) nogen

    Result                      Number of obs
    -----------------------------------------
    Not matched                             0
    Matched                            12,702  
    -----------------------------------------

. foreach v in borrowing_volume lending_volume {
  2.         replace `v' = 0 if missing(`v')
  3. }
(180 real changes made)
(222 real changes made)

. gen book = borrowing_volume + lending_volume

. collapse (sum) book, by(dealer_id quarter window)

. reshape wide book, i(dealer_id quarter) j(window)
(j = 0 1)

Data                               Long   ->   Wide
-----------------------------------------------------------------------------
Number of observations            1,412   ->   707         
Number of variables                   4   ->   4           
j variable (2 values)            window   ->   (dropped)
xij variables:
                                   book   ->   book0 book1
-----------------------------------------------------------------------------

. replace book0 = book0/(`R1' - `R0' + 1) /*daily averages*/
(706 real changes made)

. replace book1 = book1/`K'
(706 real changes made)

. gen dress = log(book0) - log(book1)
(2 missing values generated)

. label var dress "Quarter-end contraction of the dealer's non HF repo book"

. drop if missing(dress) /*no book in one of the two windows, the dealer is not active that quarter*/
(2 observations deleted)

. keep dealer_id quarter dress

. tempfile dealers

. save `dealers'
file C:\Users\hermesf\AppData\Local\Temp\ST_5ac8_000005.tmp saved as .dta format

. 
. **# Step 3: fund level, one reference and one event observation per quarter
. * pair level daily averages over each window pooled over the four countries,
. * absent days count as zero, then the fund's totals, its exposure and its
. * number of dealers in the reference window as in test 2
. 
. use `panel', clear

. merge m:1 date using `windows', keep(match) nogen

    Result                      Number of obs
    -----------------------------------------
    Not matched                             0
    Matched                           263,334  
    -----------------------------------------

. collapse (sum) borrowing_volume lending_volume, by(fund_id dealer_id quarter window)

. reshape wide borrowing_volume lending_volume, i(fund_id dealer_id quarter) j(window)
(j = 0 1)

Data                               Long   ->   Wide
-----------------------------------------------------------------------------
Number of observations           14,114   ->   7,492       
Number of variables                   6   ->   7           
j variable (2 values)            window   ->   (dropped)
xij variables:
                       borrowing_volume   ->   borrowing_volume0 borrowing_volume1
                         lending_volume   ->   lending_volume0 lending_volume1
-----------------------------------------------------------------------------

. foreach v in borrowing_volume0 borrowing_volume1 lending_volume0 lending_volume1 {
  2.         replace `v' = 0 if missing(`v')
  3. }
(164 real changes made)
(706 real changes made)
(164 real changes made)
(706 real changes made)

. foreach v in borrowing_volume0 lending_volume0 {
  2.         replace `v' = `v'/(`R1' - `R0' + 1)
  3. }
(5,776 real changes made)
(6,404 real changes made)

. foreach v in borrowing_volume1 lending_volume1 {
  2.         replace `v' = `v'/`K'
  3. }
(5,196 real changes made)
(5,813 real changes made)

. merge m:1 dealer_id quarter using `dealers', keep(match) nogen

    Result                      Number of obs
    -----------------------------------------
    Not matched                             0
    Matched                             7,492  
    -----------------------------------------

. gen gross0 = borrowing_volume0 + lending_volume0

. gen active0 = gross0 > 0 /*dealer active in the reference window*/

. gen dress_gross0 = dress*gross0

. bysort fund_id quarter (gross0 dealer_id): gen main_dealer = dealer_id[_N] /*the fund's largest dealer in the reference window, the unit of clu
> stering*/

. collapse (sum) borrowing_volume0 borrowing_volume1 lending_volume0 lending_volume1 gross0 dress_gross0 n_dealers = active0 (first) main_dealer,
>  by(fund_id quarter)

. gen exposure = dress_gross0/gross0
(35 missing values generated)

. gen dose = n_dealers - 1

. gen exposure_dose = exposure*dose
(35 missing values generated)

. gen gross1 = borrowing_volume1 + lending_volume1

. gen dlog_net = log(abs(borrowing_volume1 - lending_volume1)) - log(abs(borrowing_volume0 - lending_volume0))
(214 missing values generated)

. gen dlog_gross = log(gross1) - log(gross0)
(214 missing values generated)

. label var exposure "Reference share weighted contraction of the fund's dealers"

. label var dose "Number of dealers in the reference window minus one"

. label var dlog_net "Change in log absolute net, quarter-end minus reference"

. label var dlog_gross "Change in log gross, quarter-end minus reference"

. tempfile fund

. save `fund'
file C:\Users\hermesf\AppData\Local\Temp\ST_5ac8_000006.tmp saved as .dta format

. 
. **# The test: pass-through of a single dealer fund and the change per additional dealer
. * quarter fixed effects, standard errors clustered by the fund's largest
. * dealer as in test 2, wild cluster bootstrap p values since there are only
. * about twenty dealers, the pass-through of a fund with three dealers, about
. * the average multi dealer fund, is reported alongside
. 
. foreach y in dlog_net dlog_gross {
  2.         reghdfe `y' exposure exposure_dose dose, a(quarter) vce(cluster main_dealer)
  3.         tab n_dealers if e(sample)
  4.         lincom exposure + 2*exposure_dose /*the pass-through of a fund with three dealers*/
  5.         boottest exposure, reps(9999) seed(1) nograph
  6.         boottest exposure_dose, reps(9999) seed(1) nograph
  7.         boottest exposure + 2*exposure_dose = 0, reps(9999) seed(1) nograph
  8. }
(MWFE estimator converged in 1 iterations)

HDFE Linear regression                            Number of obs   =      2,634
Absorbing 1 HDFE group                            F(   3,     26) =      11.56
Statistics robust to heteroskedasticity           Prob > F        =     0.0001
                                                  R-squared       =     0.0327
                                                  Adj R-squared   =     0.0250
                                                  Within R-sq.    =     0.0081
Number of clusters (main_dealer) =         27     Root MSE        =     0.9442

                            (Std. err. adjusted for 27 clusters in main_dealer)
-------------------------------------------------------------------------------
              |               Robust
     dlog_net | Coefficient  std. err.      t    P>|t|     [95% conf. interval]
--------------+----------------------------------------------------------------
     exposure |  -.2419164   .3790181    -0.64   0.529    -1.020999    .5371664
exposure_dose |   .0127699   .0686151     0.19   0.854    -.1282704    .1538102
         dose |  -.0417452   .0092095    -4.53   0.000    -.0606756   -.0228149
        _cons |   .0788599   .0348869     2.26   0.032     .0071489    .1505709
-------------------------------------------------------------------------------

Absorbed degrees of freedom:
-----------------------------------------------------+
 Absorbed FE | Categories  - Redundant  = Num. Coefs |
-------------+---------------------------------------|
     quarter |        19           0          19     |
-----------------------------------------------------+

      (sum) |
    active0 |      Freq.     Percent        Cum.
------------+-----------------------------------
          1 |        922       35.00       35.00
          2 |        596       22.63       57.63
          3 |        473       17.96       75.59
          4 |        301       11.43       87.02
          5 |        115        4.37       91.38
          6 |         51        1.94       93.32
          7 |         53        2.01       95.33
          8 |         39        1.48       96.81
          9 |         40        1.52       98.33
         10 |         25        0.95       99.28
         11 |         15        0.57       99.85
         12 |          3        0.11       99.96
         13 |          1        0.04      100.00
------------+-----------------------------------
      Total |      2,634      100.00

 ( 1)  exposure + 2*exposure_dose = 0

------------------------------------------------------------------------------
    dlog_net | Coefficient  Std. err.      t    P>|t|     [95% conf. interval]
-------------+----------------------------------------------------------------
         (1) |  -.2163766   .3202832    -0.68   0.505    -.8747281     .441975
------------------------------------------------------------------------------

Wild bootstrap-t, null imposed, 9999 replications, Wald test, bootstrap clustering by main_dealer, Rademacher weights:
  exposure

                           t(26) =    -0.6383
                        Prob>|t| =     0.5384

95% confidence set for null hypothesis expression: [−1.212, .5638]

Wild bootstrap-t, null imposed, 9999 replications, Wald test, bootstrap clustering by main_dealer, Rademacher weights:
  exposure_dose

                           t(26) =     0.1861
                        Prob>|t| =     0.8704

95% confidence set for null hypothesis expression: [−.2188, .2156]

Wild bootstrap-t, null imposed, 9999 replications, Wald test, bootstrap clustering by main_dealer, Rademacher weights:
  exposure + 2*exposure_dose = 0

                           t(26) =    -0.6756
                        Prob>|t| =     0.5286

95% confidence set for null hypothesis expression: [−1.016, .446]
(MWFE estimator converged in 1 iterations)

HDFE Linear regression                            Number of obs   =      2,634
Absorbing 1 HDFE group                            F(   3,     26) =      47.52
Statistics robust to heteroskedasticity           Prob > F        =     0.0000
                                                  R-squared       =     0.0598
                                                  Adj R-squared   =     0.0522
                                                  Within R-sq.    =     0.0128
Number of clusters (main_dealer) =         27     Root MSE        =     0.5969

                            (Std. err. adjusted for 27 clusters in main_dealer)
-------------------------------------------------------------------------------
              |               Robust
   dlog_gross | Coefficient  std. err.      t    P>|t|     [95% conf. interval]
--------------+----------------------------------------------------------------
     exposure |  -.7659244   .3296806    -2.32   0.028    -1.443593   -.0882562
exposure_dose |   .1245043   .0499024     2.49   0.019     .0219284    .2270802
         dose |  -.0345568   .0031782   -10.87   0.000    -.0410897   -.0280239
        _cons |    .068337   .0247434     2.76   0.010     .0174763    .1191977
-------------------------------------------------------------------------------

Absorbed degrees of freedom:
-----------------------------------------------------+
 Absorbed FE | Categories  - Redundant  = Num. Coefs |
-------------+---------------------------------------|
     quarter |        19           0          19     |
-----------------------------------------------------+

      (sum) |
    active0 |      Freq.     Percent        Cum.
------------+-----------------------------------
          1 |        922       35.00       35.00
          2 |        596       22.63       57.63
          3 |        473       17.96       75.59
          4 |        301       11.43       87.02
          5 |        115        4.37       91.38
          6 |         51        1.94       93.32
          7 |         53        2.01       95.33
          8 |         39        1.48       96.81
          9 |         40        1.52       98.33
         10 |         25        0.95       99.28
         11 |         15        0.57       99.85
         12 |          3        0.11       99.96
         13 |          1        0.04      100.00
------------+-----------------------------------
      Total |      2,634      100.00

 ( 1)  exposure + 2*exposure_dose = 0

------------------------------------------------------------------------------
  dlog_gross | Coefficient  Std. err.      t    P>|t|     [95% conf. interval]
-------------+----------------------------------------------------------------
         (1) |  -.5169158   .2839205    -1.82   0.080    -1.100523    .0666911
------------------------------------------------------------------------------

Wild bootstrap-t, null imposed, 9999 replications, Wald test, bootstrap clustering by main_dealer, Rademacher weights:
  exposure

                           t(26) =    -2.3232
                        Prob>|t| =     0.0568

95% confidence set for null hypothesis expression: [−1.58, .02758]

Wild bootstrap-t, null imposed, 9999 replications, Wald test, bootstrap clustering by main_dealer, Rademacher weights:
  exposure_dose

                           t(26) =     2.4950
                        Prob>|t| =     0.1320

95% confidence set for null hypothesis expression: [−.06868, .2587]

Wild bootstrap-t, null imposed, 9999 replications, Wald test, bootstrap clustering by main_dealer, Rademacher weights:
  exposure + 2*exposure_dose = 0

                           t(26) =    -1.8206
                        Prob>|t| =     0.1004

95% confidence set for null hypothesis expression: [−1.221, .101]

. 
. **# Country decomposition of the dose model, growth rates that add up
. * the change in the fund's gross financing in each collateral country from the
. * reference to the event window, divided by the average of the fund's pooled
. * gross over the two windows, the mid-point growth rate, which is bounded
. * between minus two and two, close to the log change for moderate changes and
. * immune to funds with a tiny reference gross, the four country changes add
. * up to the pooled change exactly because the denominator is common, the dose
. * model on the same sample and regressors for all five outcomes, so each
. * country's single dealer pass-through and per dealer offset add up to the
. * pooled ones, the pooled bars should sit near the log estimates above, the
. * graph shows both slopes with 95 percent intervals
. 
. use `panel', clear

. merge m:1 date using `windows', keep(match) nogen

    Result                      Number of obs
    -----------------------------------------
    Not matched                             0
    Matched                           263,334  
    -----------------------------------------

. collapse (sum) borrowing_volume lending_volume, by(fund_id country quarter window)

. gen gross = borrowing_volume + lending_volume

. replace gross = gross/(`R1' - `R0' + 1) if window == 0 /*daily averages*/
(6,970 real changes made)

. replace gross = gross/`K' if window == 1
(6,425 real changes made)

. keep fund_id country quarter window gross

. reshape wide gross, i(fund_id country quarter) j(window)
(j = 0 1)

Data                               Long   ->   Wide
-----------------------------------------------------------------------------
Number of observations           13,395   ->   7,083       
Number of variables                   5   ->   5           
j variable (2 values)            window   ->   (dropped)
xij variables:
                                  gross   ->   gross0 gross1
-----------------------------------------------------------------------------

. reshape wide gross0 gross1, i(fund_id quarter) j(country) string
(j = DE ES FR IT)

Data                               Long   ->   Wide
-----------------------------------------------------------------------------
Number of observations            7,083   ->   2,848       
Number of variables                   5   ->   10          
j variable (4 values)           country   ->   (dropped)
xij variables:
                                 gross0   ->   gross0DE gross0ES ... gross0IT
                                 gross1   ->   gross1DE gross1ES ... gross1IT
-----------------------------------------------------------------------------

. merge 1:1 fund_id quarter using `fund', keep(match) nogen

    Result                      Number of obs
    -----------------------------------------
    Not matched                             0
    Matched                             2,848  
    -----------------------------------------

. foreach c of local countries {
  2.         foreach w in 0 1 {
  3.                 replace gross`w'`c' = 0 if missing(gross`w'`c') /*no financing in the country in that window*/
  4.         }
  5.         gen y`c' = (gross1`c' - gross0`c')/((gross0 + gross1)/2)
  6. }
(1,104 real changes made)
(1,242 real changes made)
(795 real changes made)
(997 real changes made)
(1,187 real changes made)
(1,298 real changes made)
(1,336 real changes made)
(1,430 real changes made)

. egen yPooled = rowtotal(yDE yFR yIT yES)

. 
. matrix slopes = J(5, 4, .)

. local i = 1

. foreach c in `countries' Pooled {
  2.         reghdfe y`c' exposure exposure_dose dose, a(quarter) vce(cluster main_dealer)
  3.         matrix slopes[`i', 1] = _b[exposure]
  4.         matrix slopes[`i', 2] = _se[exposure]
  5.         matrix slopes[`i', 3] = _b[exposure_dose]
  6.         matrix slopes[`i', 4] = _se[exposure_dose]
  7.         local ++i
  8. }
(MWFE estimator converged in 1 iterations)

HDFE Linear regression                            Number of obs   =      2,813
Absorbing 1 HDFE group                            F(   3,     28) =       3.76
Statistics robust to heteroskedasticity           Prob > F        =     0.0219
                                                  R-squared       =     0.0361
                                                  Adj R-squared   =     0.0288
                                                  Within R-sq.    =     0.0069
Number of clusters (main_dealer) =         29     Root MSE        =     0.3525

                            (Std. err. adjusted for 29 clusters in main_dealer)
-------------------------------------------------------------------------------
              |               Robust
          yDE | Coefficient  std. err.      t    P>|t|     [95% conf. interval]
--------------+----------------------------------------------------------------
     exposure |  -.1690044   .0976296    -1.73   0.094    -.3689895    .0309808
exposure_dose |   .1070755   .0325491     3.29   0.003     .0404017    .1737493
         dose |   .0029412   .0024631     1.19   0.242    -.0021042    .0079867
        _cons |  -.0649729   .0116268    -5.59   0.000    -.0887894   -.0411564
-------------------------------------------------------------------------------

Absorbed degrees of freedom:
-----------------------------------------------------+
 Absorbed FE | Categories  - Redundant  = Num. Coefs |
-------------+---------------------------------------|
     quarter |        19           0          19     |
-----------------------------------------------------+
(MWFE estimator converged in 1 iterations)

HDFE Linear regression                            Number of obs   =      2,813
Absorbing 1 HDFE group                            F(   3,     28) =       4.08
Statistics robust to heteroskedasticity           Prob > F        =     0.0160
                                                  R-squared       =     0.0327
                                                  Adj R-squared   =     0.0255
                                                  Within R-sq.    =     0.0030
Number of clusters (main_dealer) =         29     Root MSE        =     0.3416

                            (Std. err. adjusted for 29 clusters in main_dealer)
-------------------------------------------------------------------------------
              |               Robust
          yFR | Coefficient  std. err.      t    P>|t|     [95% conf. interval]
--------------+----------------------------------------------------------------
     exposure |  -.2396746   .1419461    -1.69   0.102    -.5304379    .0510887
exposure_dose |   .0045124   .0352986     0.13   0.899    -.0677936    .0768183
         dose |   .0043601   .0032419     1.34   0.189    -.0022806    .0110009
        _cons |  -.0398461   .0109513    -3.64   0.001    -.0622788   -.0174133
-------------------------------------------------------------------------------

Absorbed degrees of freedom:
-----------------------------------------------------+
 Absorbed FE | Categories  - Redundant  = Num. Coefs |
-------------+---------------------------------------|
     quarter |        19           0          19     |
-----------------------------------------------------+
(MWFE estimator converged in 1 iterations)

HDFE Linear regression                            Number of obs   =      2,813
Absorbing 1 HDFE group                            F(   3,     28) =       6.07
Statistics robust to heteroskedasticity           Prob > F        =     0.0026
                                                  R-squared       =     0.0250
                                                  Adj R-squared   =     0.0177
                                                  Within R-sq.    =     0.0013
Number of clusters (main_dealer) =         29     Root MSE        =     0.2951

                            (Std. err. adjusted for 29 clusters in main_dealer)
-------------------------------------------------------------------------------
              |               Robust
          yIT | Coefficient  std. err.      t    P>|t|     [95% conf. interval]
--------------+----------------------------------------------------------------
     exposure |  -.0209575    .138929    -0.15   0.881    -.3055406    .2636257
exposure_dose |   .0281759   .0271157     1.04   0.308    -.0273681      .08372
         dose |   .0027399   .0036014     0.76   0.453    -.0046373    .0101172
        _cons |  -.0372639    .014853    -2.51   0.018     -.067689   -.0068389
-------------------------------------------------------------------------------

Absorbed degrees of freedom:
-----------------------------------------------------+
 Absorbed FE | Categories  - Redundant  = Num. Coefs |
-------------+---------------------------------------|
     quarter |        19           0          19     |
-----------------------------------------------------+
(MWFE estimator converged in 1 iterations)

HDFE Linear regression                            Number of obs   =      2,813
Absorbing 1 HDFE group                            F(   3,     28) =       5.27
Statistics robust to heteroskedasticity           Prob > F        =     0.0052
                                                  R-squared       =     0.0409
                                                  Adj R-squared   =     0.0337
                                                  Within R-sq.    =     0.0159
Number of clusters (main_dealer) =         29     Root MSE        =     0.2453

                            (Std. err. adjusted for 29 clusters in main_dealer)
-------------------------------------------------------------------------------
              |               Robust
          yES | Coefficient  std. err.      t    P>|t|     [95% conf. interval]
--------------+----------------------------------------------------------------
     exposure |  -.4445508    .166319    -2.67   0.012    -.7852399   -.1038617
exposure_dose |   .0442515   .0212573     2.08   0.047     .0007079    .0877951
         dose |   .0007482   .0042994     0.17   0.863    -.0080588    .0095552
        _cons |    .007315   .0159336     0.46   0.650    -.0253236    .0399536
-------------------------------------------------------------------------------

Absorbed degrees of freedom:
-----------------------------------------------------+
 Absorbed FE | Categories  - Redundant  = Num. Coefs |
-------------+---------------------------------------|
     quarter |        19           0          19     |
-----------------------------------------------------+
(MWFE estimator converged in 1 iterations)

HDFE Linear regression                            Number of obs   =      2,813
Absorbing 1 HDFE group                            F(   3,     28) =       5.50
Statistics robust to heteroskedasticity           Prob > F        =     0.0042
                                                  R-squared       =     0.0589
                                                  Adj R-squared   =     0.0519
                                                  Within R-sq.    =     0.0147
Number of clusters (main_dealer) =         29     Root MSE        =     0.6400

                            (Std. err. adjusted for 29 clusters in main_dealer)
-------------------------------------------------------------------------------
              |               Robust
      yPooled | Coefficient  std. err.      t    P>|t|     [95% conf. interval]
--------------+----------------------------------------------------------------
     exposure |  -.8741872   .2904174    -3.01   0.005     -1.46908   -.2792942
exposure_dose |   .1840153   .0521108     3.53   0.001     .0772713    .2907593
         dose |   .0107895   .0067248     1.60   0.120    -.0029857    .0245647
        _cons |   -.134768   .0359485    -3.75   0.001    -.2084051   -.0611308
-------------------------------------------------------------------------------

Absorbed degrees of freedom:
-----------------------------------------------------+
 Absorbed FE | Categories  - Redundant  = Num. Coefs |
-------------+---------------------------------------|
     quarter |        19           0          19     |
-----------------------------------------------------+

. clear

. svmat slopes
number of observations will be reset to 5
Press any key to continue, or Break to abort
Number of observations (_N) was 0, now 5.

. rename (slopes1 slopes2 slopes3 slopes4) (b1 se1 b2 se2)

. gen n = _n

. reshape long b se, i(n) j(coef)
(j = 1 2)

Data                               Wide   ->   Long
-----------------------------------------------------------------------------
Number of observations                5   ->   10          
Number of variables                   5   ->   4           
j variable (2 values)                     ->   coef
xij variables:
                                  b1 b2   ->   b
                                se1 se2   ->   se
-----------------------------------------------------------------------------

. label define coef 1 "Single dealer pass-through" 2 "Change per additional dealer"

. label values coef coef

. gen lo = b - 1.96*se

. gen hi = b + 1.96*se

. twoway (bar b n, barwidth(0.6)) (rcap lo hi n), by(coef, note("") yrescale) yline(0) legend(off) ///
>         xlabel(`panels') xtitle("") ///
>         ytitle("Slope, mid-point growth rate of the fund's gross")

. graph export "$fig\\qe_country_dose.png", replace width(3220)
file C:\\Users\\hermesf\\Projects\\HF_Strategies\\Figures\\qe_country_dose.png saved as PNG format

. 
. log close
      name:  <unnamed>
       log:  C:\\Users\\hermesf\\Projects\\HF_Strategies\\key dataframe\\dealer_fragility_qe_country.log
  log type:  text
 closed on:  28 Sep 2026, 15:01:49
-------------------------------------------------------------------------------------------------------------------------------------------------
