-------------------------------------------------------------------------------------------------------------------------------------------------
      name:  <unnamed>
       log:  C:\\Users\\hermesf\\Projects\\HF_Strategies\\key dataframe\\funding_architecture.log
  log type:  text
 opened on:   8 Sep 2026, 17:11:27

. 
. **# Repo terms by fund dealer pair and relationship stability, descriptives for the funding architecture section
. 
. **# Step 1: rate spread, pair rate minus the average over all other trades on the same bond and day, in basis points
. 
. import delimited "$key\\bond_day_rate.csv", varnames(1) clear
(encoding automatically selected: ISO-8859-2)
(7 vars, 657,753 obs)

. capture drop v1

. gen date = date(business_date, "YMD")

. gen ratesum_all = market_rate*market_trades
(9,480 missing values generated)

. keep date security_isin ratesum_all market_trades

. tempfile market

. save `market'
file C:\Users\hermesf\AppData\Local\Temp\ST_8034_000001.tmp saved as .dta format

. 
. import delimited "$key\\fund_dealer_bond_day.csv", varnames(1) clear
(encoding automatically selected: UTF-8)
(11 vars, 5,405,596 obs)

. capture drop v1

. gen date = date(business_date, "YMD")

. format date %td

. gen flip = inlist(fund_id, "P5XEQYFJP74DYQX88M80", "O1XNTICYRCAHEAMEQI31") & date < td(24apr2021) /*as in DT.do*/

. foreach s in volume rate trades {
  2.         gen tmp = borrowing_`s'
  3.         replace borrowing_`s' = lending_`s' if flip
  4.         replace lending_`s' = tmp if flip
  5.         drop tmp
  6. }
(2,925,118 missing values generated)
(8,004 real changes made, 3,077 to missing)
(8,004 real changes made, 4,255 to missing)
(3,038,410 missing values generated)
(7,669 real changes made, 3,066 to missing)
(7,669 real changes made, 3,936 to missing)
(2,925,118 missing values generated)
(7,821 real changes made, 3,077 to missing)
(7,821 real changes made, 4,255 to missing)

. foreach v in borrowing_trades lending_trades {
  2.         replace `v' = 0 if missing(`v')
  3. }
(2,923,940 real changes made)
(2,135,238 real changes made)

. gen ratesum = cond(borrowing_trades > 0, borrowing_rate*borrowing_trades, 0) + cond(lending_trades > 0, lending_rate*lending_trades, 0)

. gen trades = borrowing_trades + lending_trades

. bysort fund_id security_isin date: egen ratesum_fund = total(ratesum)

. bysort fund_id security_isin date: egen trades_fund = total(trades)

. merge m:1 date security_isin using `market', keep(match) nogen

    Result                      Number of obs
    -----------------------------------------
    Not matched                             0
    Matched                         5,405,596  
    -----------------------------------------

. gen bench = (ratesum_all - ratesum_fund)/(market_trades - trades_fund) if market_trades - trades_fund >= 3 /*at least three trades by others*/
(4,287 missing values generated)

. foreach l in borrowing lending {
  2.         gen spread_`l' = (`l'_rate - bench)*100
  3.         gen w_`l' = `l'_trades*!missing(spread_`l')
  4.         gen spreadw_`l' = spread_`l'*w_`l'
  5. }
(3,040,853 missing values generated)
(3,040,853 missing values generated)
(2,324,090 missing values generated)
(2,324,090 missing values generated)

. collapse (sum) spreadw_* w_*, by(fund_id dealer_id date)

. foreach l in borrowing lending {
  2.         gen spread_`l' = spreadw_`l'/w_`l' /*average over the pair's trades of the day*/
  3. }
(126,330 missing values generated)
(89,597 missing values generated)

. keep fund_id dealer_id date spread_*

. tempfile spreads

. save `spreads'
file C:\Users\hermesf\AppData\Local\Temp\ST_8034_000002.tmp saved as .dta format

. 
. **# Step 2: terms per pair and day, mean and percentiles by side
. 
. import delimited "$key\\fund_dealer_day.csv", varnames(1) clear
(encoding automatically selected: UTF-8)
(10 vars, 427,628 obs)

. capture drop v1

. gen date = date(business_date, "YMD")

. format date %td

. gen flip = inlist(fund_id, "P5XEQYFJP74DYQX88M80", "O1XNTICYRCAHEAMEQI31") & date < td(24apr2021)

. foreach s in volume haircut tenor {
  2.         gen tmp = borrowing_`s'
  3.         replace borrowing_`s' = lending_`s' if flip
  4.         replace lending_`s' = tmp if flip
  5.         drop tmp
  6. }
(105,467 missing values generated)
(493 real changes made, 75 to missing)
(493 real changes made, 190 to missing)
(105,467 missing values generated)
(326 real changes made, 75 to missing)
(326 real changes made, 190 to missing)
(159,356 missing values generated)
(489 real changes made, 75 to missing)
(489 real changes made, 190 to missing)

. foreach v in borrowing_volume lending_volume {
  2.         replace `v' = 0 if missing(`v')
  3. }
(105,352 real changes made)
(62,598 real changes made)

. merge 1:1 fund_id dealer_id date using `spreads', keep(master match) nogen

    Result                      Number of obs
    -----------------------------------------
    Not matched                             0
    Matched                           427,628  
    -----------------------------------------

. foreach l in borrowing lending {
  2.         gen zero_haircut_`l' = `l'_haircut <= 0 if !missing(`l'_haircut)
  3.         gen short_tenor_`l' = `l'_tenor <= 7 if !missing(`l'_tenor)
  4. }
(105,352 missing values generated)
(159,241 missing values generated)
(62,598 missing values generated)
(123,688 missing values generated)

. tabstat spread_borrowing borrowing_haircut zero_haircut_borrowing borrowing_tenor short_tenor_borrowing, stat(mean p10 p50 p90 n) col(stat)

    Variable |      Mean       p10       p50       p90         N
-------------+--------------------------------------------------
spread_bor~g |  5.293436 -9.557941   3.46554   22.0009    301298
borrowing_~t |  .3438929         0         0  1.477833    322276
zero_ha~wing |  .5978602         0         1         1    322276
borrowing_~r |  27.10507       3.5  11.74194        86    268387
short_t~wing |  .2997314         0         0         1    268387
----------------------------------------------------------------

. tabstat spread_lending lending_haircut zero_haircut_lending lending_tenor short_tenor_lending, stat(mean p10 p50 p90 n) col(stat)

    Variable |      Mean       p10       p50       p90         N
-------------+--------------------------------------------------
spread_len~g | -4.878766 -20.22538 -3.706027  6.622353    338031
lending_ha~t | -.2563753     -1.25         0         0    365030
zero_ha~ding |  .9122565         1         1         1    365030
lending_te~r |  24.54952         4        14  61.84615    303940
short_t~ding |  .2662631         0         0         1    303940
----------------------------------------------------------------

. tempfile panel

. save `panel'
file C:\Users\hermesf\AppData\Local\Temp\ST_8034_000003.tmp saved as .dta format

. 
. **# Step 3: relationships per fund and quarter on absolute net positions, dealers, share of the largest dealer, share with dealers used a year 
> earlier
. 
. gen net = borrowing_volume - lending_volume

. gen quarter = qofd(date)

. collapse (sum) net, by(fund_id dealer_id quarter)

. gen gross = abs(net)

. drop if gross <= 0
(1 observation deleted)

. egen pair = group(fund_id dealer_id)

. xtset pair quarter

Panel variable: pair (unbalanced)
 Time variable: quarter, 244 to 263, but with gaps
         Delta: 1 unit

. gen gross_old = gross*!missing(L4.gross)

. collapse (sum) gross gross_old (max) max_gross = gross (count) n_dealers = gross, by(fund_id quarter)

. egen fund = group(fund_id)

. xtset fund quarter

Panel variable: fund (unbalanced)
 Time variable: quarter, 244 to 263, but with gaps
         Delta: 1 unit

. gen main_share = max_gross/gross

. gen persist = gross_old/gross if !missing(L4.gross) /*funds active a year earlier*/
(1,122 missing values generated)

. tabstat n_dealers main_share persist, stat(mean p10 p50 p90 n) col(stat)

    Variable |      Mean       p10       p50       p90         N
-------------+--------------------------------------------------
   n_dealers |  2.754764         1         2         5      3201
  main_share |  .7614113  .4050407  .8314463         1      3201
     persist |  .8471746  .4097549         1         1      2079
----------------------------------------------------------------

. 
. **# Figure: highest minus lowest spread across the dealers of the same fund on the same day
. 
. use `panel', clear

. foreach l in borrowing lending {
  2.         bysort fund_id date: egen max_`l' = max(spread_`l')
  3.         bysort fund_id date: egen min_`l' = min(spread_`l')
  4.         bysort fund_id date: egen n_`l' = count(spread_`l')
  5.         gen gap`l' = max_`l' - min_`l' if n_`l' >= 2
  6. }
(69,197 missing values generated)
(69,197 missing values generated)
(146,949 missing values generated)
(47,495 missing values generated)
(47,495 missing values generated)
(116,262 missing values generated)

. keep fund_id date gapborrowing gaplending

. duplicates drop

Duplicates in terms of all variables

(259,469 observations deleted)

. reshape long gap, i(fund_id date) j(side) string
(j = borrowing lending)

Data                               Wide   ->   Long
-----------------------------------------------------------------------------
Number of observations          168,159   ->   336,318     
Number of variables                   4   ->   4           
j variable (2 values)                     ->   side
xij variables:
                gapborrowing gaplending   ->   gap
-----------------------------------------------------------------------------

. sum gap, detail

                             gap
-------------------------------------------------------------
      Percentiles      Smallest
 1%     .1740294              0
 5%     .8708894              0
10%     1.542537              0       Obs             151,298
25%     3.384153              0       Sum of wgt.     151,298

50%     7.633589                      Mean           20.13956
                        Largest       Std. dev.       33.0855
75%     19.55252        369.723
90%     55.40519       371.4742       Variance        1094.65
95%     83.81996        405.294       Skewness       3.207855
99%     165.9511       405.3228       Kurtosis       14.97757

. histogram gap if gap <= 100, fraction
(bin=51, start=0, width=1.96077)

. graph export "$fig\\rate_gap_within_fund.png", replace width(3220)
file C:\\Users\\hermesf\\Projects\\HF_Strategies\\Figures\\rate_gap_within_fund.png saved as PNG format

. 
. log close
      name:  <unnamed>
       log:  C:\\Users\\hermesf\\Projects\\HF_Strategies\\key dataframe\\funding_architecture.log
  log type:  text
 closed on:   8 Sep 2026, 17:12:15
-------------------------------------------------------------------------------------------------------------------------------------------------
